github.com/fasdalf/train-go-gophkeeper/internal/common/configfile/configfile.go:17:				init				100.0%
github.com/fasdalf/train-go-gophkeeper/internal/common/configfile/configfile.go:22:				ParseFile			100.0%
github.com/fasdalf/train-go-gophkeeper/internal/common/configfile/configfile.go:32:				getConfigFileName		100.0%
github.com/fasdalf/train-go-gophkeeper/internal/common/cryptofacade/cryptofacade.go:9:				Hash				100.0%
github.com/fasdalf/train-go-gophkeeper/internal/common/printbuild/printbuild.go:20:				Print				100.0%
github.com/fasdalf/train-go-gophkeeper/internal/common/utils/localip/localip.go:8:				GetLocalIP			100.0%
github.com/fasdalf/train-go-gophkeeper/internal/common/utils/localip/localip.go:22:				ValidateIPStringInSubnet	100.0%
github.com/fasdalf/train-go-gophkeeper/internal/common/utils/localip/localip.go:37:				GetFreePort			100.0%
github.com/fasdalf/train-go-gophkeeper/internal/common/utils/randutils/randutils.go:11:				RandomString			100.0%
github.com/fasdalf/train-go-gophkeeper/internal/server/db/dbrepository/secret.go:18:				NewSecretDBRepository		0.0%
github.com/fasdalf/train-go-gophkeeper/internal/server/db/dbrepository/secret.go:24:				FindById			0.0%
github.com/fasdalf/train-go-gophkeeper/internal/server/db/dbrepository/secret.go:27:				FindAfter			0.0%
github.com/fasdalf/train-go-gophkeeper/internal/server/db/dbrepository/secret.go:45:				Create				0.0%
github.com/fasdalf/train-go-gophkeeper/internal/server/db/dbrepository/secret.go:48:				Update				0.0%
github.com/fasdalf/train-go-gophkeeper/internal/server/db/dbrepository/secret.go:51:				Delete				0.0%
github.com/fasdalf/train-go-gophkeeper/internal/server/db/dbrepository/user.go:25:				NewUserDBRepository		100.0%
github.com/fasdalf/train-go-gophkeeper/internal/server/db/dbrepository/user.go:32:				FindById			100.0%
github.com/fasdalf/train-go-gophkeeper/internal/server/db/dbrepository/user.go:51:				FindByLogin			100.0%
github.com/fasdalf/train-go-gophkeeper/internal/server/db/dbrepository/user.go:70:				Create				100.0%
github.com/fasdalf/train-go-gophkeeper/internal/server/db/dbrepository/usermock.go:19:				FindById			100.0%
github.com/fasdalf/train-go-gophkeeper/internal/server/db/dbrepository/usermock.go:24:				FindByLogin			100.0%
github.com/fasdalf/train-go-gophkeeper/internal/server/db/dbrepository/usermock.go:29:				Create				100.0%
github.com/fasdalf/train-go-gophkeeper/internal/server/db/storage/dbMigrations.go:11:				Bootstrap			100.0%
github.com/fasdalf/train-go-gophkeeper/internal/server/db/storage/dbMigrations.go:39:				Teardown			100.0%
github.com/fasdalf/train-go-gophkeeper/internal/server/db/storage/dbMigrations.go:50:				runMigrations			100.0%
github.com/fasdalf/train-go-gophkeeper/internal/server/db/storage/dbStorage.go:26:				NewDBStorage			100.0%
github.com/fasdalf/train-go-gophkeeper/internal/server/db/storage/dbStorage.go:43:				NewTestDbStorage		100.0%
github.com/fasdalf/train-go-gophkeeper/internal/server/db/storage/dbStorage.go:54:				PrefixQuery			100.0%
github.com/fasdalf/train-go-gophkeeper/internal/server/grpc/controller/type.go:20:				NewGophKeeperServer		100.0%
github.com/fasdalf/train-go-gophkeeper/internal/server/grpc/controller/usersignin.go:17:			UserSignIn			100.0%
github.com/fasdalf/train-go-gophkeeper/internal/server/grpc/controller/usersignup.go:17:			UserSignUp			100.0%
github.com/fasdalf/train-go-gophkeeper/internal/server/grpc/interceptors/sloginterceptor.go:12:			NewSlogInterceptor		100.0%
github.com/fasdalf/train-go-gophkeeper/internal/server/grpc/interceptors/validatetokeninterceptor.go:25:	NewValidateTokenInterceptor	100.0%
github.com/fasdalf/train-go-gophkeeper/internal/server/grpc/interceptors/validatetokeninterceptor.go:42:	getFirstMd			100.0%
github.com/fasdalf/train-go-gophkeeper/internal/server/grpc/server/grpc.go:17:					NewGrpcServer			100.0%
github.com/fasdalf/train-go-gophkeeper/internal/server/grpc/server/grpc.go:37:					ListenAndServe			100.0%
github.com/fasdalf/train-go-gophkeeper/internal/server/jwt/jwt.go:20:						BuildJWTString			100.0%
github.com/fasdalf/train-go-gophkeeper/internal/server/jwt/jwt.go:36:						GetUserID			75.0%
total:														(statements)			95.2%
